// Jest Snapshot v1, https://goo.gl/fbAQLP

exports[`Example Components produces correct snapshot of the example 1`] = `
<p
  className="MuiTypography-root MuiTypography-body1 css-ahj2mt-MuiTypography-root"
>
  This is an example component.
</p>
`;
