// Jest Snapshot v1, https://goo.gl/fbAQLP

exports[`produces correct snapshot of the BuddyCard 1`] = `
<div
  className="MuiPaper-root MuiPaper-elevation MuiPaper-rounded MuiPaper-elevation1 MuiCard-root cardContainer css-bhp9pd-MuiPaper-root-MuiCard-root"
>
  <div
    className="MuiCardContent-root cardContent css-46bh2p-MuiCardContent-root"
  >
    <svg
      aria-hidden={true}
      className="MuiSvgIcon-root MuiSvgIcon-fontSizeMedium css-i4bv87-MuiSvgIcon-root"
      data-testid="AccountCircleRoundedIcon"
      focusable="false"
      viewBox="0 0 24 24"
    >
      <path
        d="M12 2C6.48 2 2 6.48 2 12s4.48 10 10 10 10-4.48 10-10S17.52 2 12 2zm0 3c1.66 0 3 1.34 3 3s-1.34 3-3 3-3-1.34-3-3 1.34-3 3-3zm0 14.2c-2.5 0-4.71-1.28-6-3.22.03-1.99 4-3.08 6-3.08 1.99 0 5.97 1.09 6 3.08-1.29 1.94-3.5 3.22-6 3.22z"
      />
    </svg>
    <span
      className="MuiTypography-root MuiTypography-body css-37jdci-MuiTypography-root"
    >
      Example Name
    </span>
    <span
      className="MuiTypography-root MuiTypography-subtitle css-37jdci-MuiTypography-root"
    >
      Also takes 
      SE751
    </span>
  </div>
</div>
`;
