// Jest Snapshot v1, https://goo.gl/fbAQLP

exports[`Render ProfileBadge produces correct snapshot of the ProfileBadge 1`] = `
<div
  className="MuiContainer-root MuiContainer-maxWidthLg MuiContainer-disableGutters css-6ch1n3-MuiContainer-root"
>
  <span
    className="MuiBadge-root css-1srwgqi-MuiBadge-root"
    data-testid="active"
  >
    <div
      className="MuiAvatar-root MuiAvatar-circular MuiAvatar-colorDefault css-1pl8iwh-MuiAvatar-root"
      data-testid="Bob"
    >
      <svg
        aria-hidden={true}
        className="MuiSvgIcon-root MuiSvgIcon-fontSizeMedium MuiAvatar-fallback css-10mi8st-MuiSvgIcon-root-MuiAvatar-fallback"
        data-testid="PersonIcon"
        focusable="false"
        viewBox="0 0 24 24"
      >
        <path
          d="M12 12c2.21 0 4-1.79 4-4s-1.79-4-4-4-4 1.79-4 4 1.79 4 4 4zm0 2c-2.67 0-8 1.34-8 4v2h16v-2c0-2.66-5.33-4-8-4z"
        />
      </svg>
    </div>
    <span
      className="MuiBadge-anchorOriginBottomRightCircular MuiBadge-overlapCircular MuiBadge-badge MuiBadge-dot MuiBadge-anchorOriginBottomRight css-ank3r8-MuiBadge-badge"
    >
      
    </span>
  </span>
</div>
`;
