// Jest Snapshot v1, https://goo.gl/fbAQLP

exports[`renders correctly 1`] = `
<div
  className="container MuiBox-root css-0"
>
  <div
    className="MuiContainer-root MuiContainer-maxWidthLg MuiContainer-disableGutters css-6ch1n3-MuiContainer-root"
  >
    <span
      className="MuiBadge-root css-wd6a4w-MuiBadge-root"
      data-testid="offline"
    >
      <div
        className="MuiAvatar-root MuiAvatar-circular MuiAvatar-colorDefault css-1pl8iwh-MuiAvatar-root"
        data-testid="test name"
      >
        <svg
          aria-hidden={true}
          className="MuiSvgIcon-root MuiSvgIcon-fontSizeMedium MuiAvatar-fallback css-10mi8st-MuiSvgIcon-root-MuiAvatar-fallback"
          data-testid="PersonIcon"
          focusable="false"
          viewBox="0 0 24 24"
        >
          <path
            d="M12 12c2.21 0 4-1.79 4-4s-1.79-4-4-4-4 1.79-4 4 1.79 4 4 4zm0 2c-2.67 0-8 1.34-8 4v2h16v-2c0-2.66-5.33-4-8-4z"
          />
        </svg>
      </div>
      <span
        className="MuiBadge-anchorOriginBottomRightCircular MuiBadge-overlapCircular MuiBadge-badge MuiBadge-dot MuiBadge-anchorOriginBottomRight css-ank3r8-MuiBadge-badge"
      >
        
      </span>
    </span>
  </div>
  <h5
    className="MuiTypography-root MuiTypography-h5 css-1xxajqc-MuiTypography-root"
  >
    test name
  </h5>
  <button
    className="MuiButton-root MuiButton-outlined MuiButton-outlinedPrimaryDark MuiButton-sizeMedium MuiButton-outlinedSizeMedium MuiButtonBase-root removeButton css-kssayf-MuiButtonBase-root-MuiButton-root"
    data-testid="remove-buddy"
    disabled={false}
    onBlur={[Function]}
    onClick={[Function]}
    onContextMenu={[Function]}
    onDragLeave={[Function]}
    onFocus={[Function]}
    onKeyDown={[Function]}
    onKeyUp={[Function]}
    onMouseDown={[Function]}
    onMouseLeave={[Function]}
    onMouseUp={[Function]}
    onTouchEnd={[Function]}
    onTouchMove={[Function]}
    onTouchStart={[Function]}
    tabIndex={0}
    type="button"
  >
    Remove Buddy
  </button>
  <p
    className="MuiTypography-root MuiTypography-body1 commonCourseTitle css-ahj2mt-MuiTypography-root"
  >
    Common Courses
  </p>
  <p
    className="MuiTypography-root MuiTypography-body1 commonCourseText css-ahj2mt-MuiTypography-root"
  >
    SOFTENG 701
  </p>
</div>
`;
