// Jest Snapshot v1, https://goo.gl/fbAQLP

exports[`ChatInput produces the correct initial snapshot 1`] = `
<div
  className="container"
>
  <div
    className="MuiInputBase-root MuiInputBase-colorPrimary input css-1ki836k-MuiInputBase-root"
    onClick={[Function]}
  >
    <input
      className="MuiInputBase-input css-yz9k0d-MuiInputBase-input"
      onAnimationStart={[Function]}
      onBlur={[Function]}
      onChange={[Function]}
      onFocus={[Function]}
      onKeyDown={[Function]}
      placeholder="Aa"
      type="text"
      value=""
    />
  </div>
  <div
    className="buttonContainer"
  >
    <button
      aria-label="directions"
      className="MuiButtonBase-root MuiIconButton-root MuiIconButton-sizeMedium button css-78trlr-MuiButtonBase-root-MuiIconButton-root"
      data-testid="EmojiButton"
      disabled={false}
      onBlur={[Function]}
      onClick={[Function]}
      onContextMenu={[Function]}
      onDragLeave={[Function]}
      onFocus={[Function]}
      onKeyDown={[Function]}
      onKeyUp={[Function]}
      onMouseDown={[Function]}
      onMouseLeave={[Function]}
      onMouseUp={[Function]}
      onTouchEnd={[Function]}
      onTouchMove={[Function]}
      onTouchStart={[Function]}
      tabIndex={0}
      type="button"
    >
      <svg
        aria-hidden={true}
        className="MuiSvgIcon-root MuiSvgIcon-fontSizeMedium css-i4bv87-MuiSvgIcon-root"
        data-testid="EmojiEmotionsIcon"
        focusable="false"
        viewBox="0 0 24 24"
      >
        <path
          d="M11.99 2C6.47 2 2 6.48 2 12s4.47 10 9.99 10C17.52 22 22 17.52 22 12S17.52 2 11.99 2zM8.5 8c.83 0 1.5.67 1.5 1.5S9.33 11 8.5 11 7 10.33 7 9.5 7.67 8 8.5 8zM12 18c-2.28 0-4.22-1.66-5-4h10c-.78 2.34-2.72 4-5 4zm3.5-7c-.83 0-1.5-.67-1.5-1.5S14.67 8 15.5 8s1.5.67 1.5 1.5-.67 1.5-1.5 1.5z"
        />
      </svg>
    </button>
  </div>
  <button
    aria-label="send"
    className="MuiButtonBase-root MuiIconButton-root MuiIconButton-sizeMedium button css-78trlr-MuiButtonBase-root-MuiIconButton-root"
    data-testid="SendButton"
    disabled={false}
    onBlur={[Function]}
    onClick={[Function]}
    onContextMenu={[Function]}
    onDragLeave={[Function]}
    onFocus={[Function]}
    onKeyDown={[Function]}
    onKeyUp={[Function]}
    onMouseDown={[Function]}
    onMouseLeave={[Function]}
    onMouseUp={[Function]}
    onTouchEnd={[Function]}
    onTouchMove={[Function]}
    onTouchStart={[Function]}
    tabIndex={0}
    type="button"
  >
    <svg
      aria-hidden={true}
      className="MuiSvgIcon-root MuiSvgIcon-fontSizeMedium css-i4bv87-MuiSvgIcon-root"
      data-testid="SendIcon"
      focusable="false"
      viewBox="0 0 24 24"
    >
      <path
        d="M2.01 21 23 12 2.01 3 2 10l15 2-15 2z"
      />
    </svg>
  </button>
</div>
`;
