// Jest Snapshot v1, https://goo.gl/fbAQLP

exports[`User search test produces correct snapshot of the UserSearch 1`] = `
<form
  autoComplete="off"
  className="root MuiBox-root css-0"
  noValidate={true}
>
  <div
    className="MuiFormControl-root MuiTextField-root css-1rgxkzw-MuiFormControl-root-MuiTextField-root"
    onKeyPress={[Function]}
  >
    <div
      className="MuiOutlinedInput-root MuiInputBase-root MuiInputBase-colorPrimary MuiInputBase-formControl MuiInputBase-sizeSmall MuiInputBase-adornedStart css-1q6at85-MuiInputBase-root-MuiOutlinedInput-root"
      onClick={[Function]}
    >
      <div
        className="MuiInputAdornment-root MuiInputAdornment-positionStart MuiInputAdornment-outlined MuiInputAdornment-sizeSmall css-ittuaa-MuiInputAdornment-root"
      >
        <span
          className="notranslate"
        >
          ​
        </span>
        <svg
          aria-hidden={true}
          className="MuiSvgIcon-root MuiSvgIcon-fontSizeMedium css-i4bv87-MuiSvgIcon-root"
          data-testid="searchIcon"
          focusable="false"
          viewBox="0 0 24 24"
        >
          <path
            d="M15.5 14h-.79l-.28-.27C15.41 12.59 16 11.11 16 9.5 16 5.91 13.09 3 9.5 3S3 5.91 3 9.5 5.91 16 9.5 16c1.61 0 3.09-.59 4.23-1.57l.27.28v.79l5 4.99L20.49 19l-4.99-5zm-6 0C7.01 14 5 11.99 5 9.5S7.01 5 9.5 5 14 7.01 14 9.5 11.99 14 9.5 14z"
          />
        </svg>
      </div>
      <input
        aria-invalid={false}
        autoFocus={false}
        className="MuiOutlinedInput-input MuiInputBase-input MuiInputBase-inputSizeSmall MuiInputBase-inputAdornedStart css-1ua80n0-MuiInputBase-input-MuiOutlinedInput-input"
        disabled={false}
        id="outlined-basic"
        onAnimationStart={[Function]}
        onBlur={[Function]}
        onChange={[Function]}
        onFocus={[Function]}
        placeholder="Type a name"
        required={false}
        type="text"
        value=""
      />
      <fieldset
        aria-hidden={true}
        className="MuiOutlinedInput-notchedOutline css-1d3z3hw-MuiOutlinedInput-notchedOutline"
      >
        <legend
          className="css-hdw1oc"
        >
          <span
            className="notranslate"
          >
            ​
          </span>
        </legend>
      </fieldset>
    </div>
  </div>
</form>
`;
